基坑支护计算程序日志
导出时间：2026/4/27 23:29:04


>> 2026/4/27 21:41:59  土层数据读取成功！
>> 2026/4/27 21:41:59  支撑数据读取成功！
>> 2026/4/27 21:41:59  工况数据读取成功！
>> 2026/4/27 21:41:59  局部荷载数据读取成功！共 2 个
>> 2026/4/27 21:41:59  其他数据读取成功！
>> 2026/4/27 21:42:09  土层数据读取成功！
>> 2026/4/27 21:42:17  支撑数据读取成功！
>> 2026/4/27 21:42:26  工况数据读取成功！
>> 2026/4/27 21:42:30  局部荷载数据已清空！
>> 2026/4/27 21:42:37  其他数据读取成功！
>> 2026/4/27 21:42:49  其他数据录入成功！
>> 2026/4/27 21:43:03  计算程序初始化……
>> 2026/4/27 21:43:03  计算程序初始化完成！
>> 2026/4/27 21:43:05  施工阶段 1 开始计算……
>> 2026/4/27 21:43:05  施工阶段 1 计算完成！
>> 2026/4/27 21:43:05  施工阶段 2 开始计算……
>> 2026/4/27 21:43:06  施工阶段 2 计算完成！
>> 2026/4/27 21:43:06  施工阶段 3 开始计算……
>> 2026/4/27 21:43:06  施工阶段 3 计算完成！
>> 2026/4/27 21:43:06  施工阶段 4 开始计算……
>> 2026/4/27 21:43:06  施工阶段 4 计算完成！
>> 2026/4/27 21:43:06  施工阶段 5 开始计算……
>> 2026/4/27 21:43:07  施工阶段 5 计算完成！
>> 2026/4/27 21:43:07  施工阶段 6 开始计算……
>> 2026/4/27 21:43:07  施工阶段 6 计算完成！
>> 2026/4/27 21:43:07  施工阶段 7 开始计算……
>> 2026/4/27 21:43:08  施工阶段 7 计算完成！
>> 2026/4/27 21:43:08  施工阶段 8 开始计算……
>> 2026/4/27 21:43:08  施工阶段 8 计算完成！
>> 2026/4/27 21:43:08  施工阶段 9 开始计算……
>> 2026/4/27 21:43:09  施工阶段 9 计算完成！
>> 2026/4/27 21:43:09  施工阶段 10 开始计算……
>> 2026/4/27 21:43:09  施工阶段 10 计算完成！
>> 2026/4/27 21:43:09  施工阶段 11 开始计算……
>> 2026/4/27 21:43:09  施工阶段 11 计算完成！
>> 2026/4/27 21:43:09  施工阶段 12 开始计算……
>> 2026/4/27 21:43:10  施工阶段 12 计算完成！
>> 2026/4/27 21:43:10  施工阶段 13 开始计算……
>> 2026/4/27 21:43:10  施工阶段 13 计算完成！
>> 2026/4/27 21:43:10  施工阶段 14 开始计算……
>> 2026/4/27 21:43:11  施工阶段 14 计算完成！
>> 2026/4/27 21:43:11  施工阶段 15 开始计算……
>> 2026/4/27 21:43:11  施工阶段 15 计算完成！
>> 2026/4/27 21:43:11  施工阶段 16 开始计算……
>> 2026/4/27 21:43:12  施工阶段 16 计算完成！
>> 2026/4/27 21:43:12  计算程序初始化……
>> 2026/4/27 21:43:12  计算程序初始化完成！
>> 2026/4/27 21:43:14  施工阶段 1 开始计算……
>> 2026/4/27 21:43:15  施工阶段 1 计算完成，无需进行轴力主动调节！
>> 2026/4/27 21:43:15  施工阶段 2 开始计算……
>> 2026/4/27 21:43:16  施工阶段 2 计算完成，无需进行轴力主动调节！
>> 2026/4/27 21:43:16  施工阶段 3 开始计算……
>> 2026/4/27 21:43:17  施工阶段 3 计算完成，无需进行轴力主动调节！
>> 2026/4/27 21:43:17  施工阶段 4 开始计算……
>> 2026/4/27 21:43:18  施工阶段 4 计算完成，无需进行轴力主动调节！
>> 2026/4/27 21:43:18  施工阶段 5 开始计算……
>> 2026/4/27 21:44:18  施工阶段 5 轴力主动调节完成！
  |支撑编号	|初始轴力	|理想轴力	|轴力上限
  |       	| (kN/m)	| (kN/m)	| (kN/m)
  ----------------------------------------------------
  2		0.00      	531.35      	833.33

  |支撑轴力调节过程：
  ----------------------------------------------------
  调节第 2 根支撑......
  支撑 2 : 	0.00   	=>   	531.35
  ----------------------------------------------------
>> 2026/4/27 21:44:18  围护结构最大位移1.37mm，小于限值3.60mm。


>> 2026/4/27 21:44:18  施工阶段 6 开始计算……
>> 2026/4/27 21:45:14  施工阶段 6 轴力主动调节完成！
  |支撑编号	|初始轴力	|理想轴力	|轴力上限
  |       	| (kN/m)	| (kN/m)	| (kN/m)
  ----------------------------------------------------
  2		669.22      	789.22      	833.33

  |支撑轴力调节过程：
  ----------------------------------------------------
  调节第 2 根支撑......
  支撑 2 : 	669.22   	=>   	789.22
  ----------------------------------------------------
>> 2026/4/27 21:45:15  围护结构最大位移3.44mm，小于限值6.24mm。


>> 2026/4/27 21:45:15  施工阶段 7 开始计算……
>> 2026/4/27 21:48:21  施工阶段 7 轴力主动调节完成！
  |支撑编号	|初始轴力	|理想轴力	|轴力上限
  |       	| (kN/m)	| (kN/m)	| (kN/m)
  ----------------------------------------------------
  2		789.22      	78.92      	833.33
  3		0.00      	707.30      	833.33

  |支撑轴力调节过程：
  ----------------------------------------------------
  调节第 3 根支撑......
  支撑 2 : 	789.22   	=>   	538.66
  支撑 3 : 	0.00   	=>   	508.67
  ----------------------------------------------------
  调节第 2 根支撑......
  支撑 2 : 	538.66   	=>   	78.92
  支撑 3 : 	508.67   	=>   	707.30
  ----------------------------------------------------
>> 2026/4/27 21:48:23  围护结构最大位移1.85mm，小于限值6.24mm。


>> 2026/4/27 21:48:23  施工阶段 8 开始计算……
>> 2026/4/27 21:51:26  施工阶段 8 轴力主动调节完成！
  |支撑编号	|初始轴力	|理想轴力	|轴力上限
  |       	| (kN/m)	| (kN/m)	| (kN/m)
  ----------------------------------------------------
  2		130.45      	207.68      	833.33
  3		847.82      	833.33      	833.33

  |支撑轴力调节过程：
  ----------------------------------------------------
  调节第 3 根支撑......
  支撑 2 : 	130.45   	=>   	112.99
  支撑 3 : 	847.82   	=>   	877.85
  ----------------------------------------------------
  调节第 2 根支撑......
  支撑 2 : 	112.99   	=>   	207.68
  支撑 3 : 	877.85   	=>   	833.33
  ----------------------------------------------------
>> 2026/4/27 21:51:28  围护结构最大位移4.39mm，小于限值9.20mm。


>> 2026/4/27 21:51:28  施工阶段 9 开始计算……
>> 2026/4/27 21:58:08  施工阶段 9 轴力主动调节完成！
  |支撑编号	|初始轴力	|理想轴力	|轴力上限
  |       	| (kN/m)	| (kN/m)	| (kN/m)
  ----------------------------------------------------
  2		207.68      	115.32      	833.33
  3		833.33      	367.72      	833.33
  4		0.00      	706.60      	1500.00

  |支撑轴力调节过程：
  ----------------------------------------------------
  调节第 4 根支撑......
  支撑 2 : 	207.68   	=>   	106.45
  支撑 3 : 	833.33   	=>   	597.10
  支撑 4 : 	0.00   	=>   	554.03
  ----------------------------------------------------
  调节第 3 根支撑......
  支撑 2 : 	106.45   	=>   	199.54
  支撑 3 : 	597.10   	=>   	337.63
  支撑 4 : 	554.03   	=>   	688.04
  ----------------------------------------------------
  调节第 2 根支撑......
  支撑 2 : 	199.54   	=>   	115.32
  支撑 3 : 	337.63   	=>   	367.72
  支撑 4 : 	688.04   	=>   	706.60
  ----------------------------------------------------
>> 2026/4/27 21:58:10  围护结构最大位移2.65mm，小于限值9.20mm。


>> 2026/4/27 21:58:10  施工阶段 10 开始计算……
>> 2026/4/27 22:04:45  施工阶段 10 轴力主动调节完成！
  |支撑编号	|初始轴力	|理想轴力	|轴力上限
  |       	| (kN/m)	| (kN/m)	| (kN/m)
  ----------------------------------------------------
  2		109.84      	20.00      	833.33
  3		397.75      	319.74      	833.33
  4		914.14      	1056.20      	1500.00

  |支撑轴力调节过程：
  ----------------------------------------------------
  调节第 4 根支撑......
  支撑 2 : 	109.84   	=>   	92.31
  支撑 3 : 	397.75   	=>   	354.38
  支撑 4 : 	914.14   	=>   	996.38
  ----------------------------------------------------
  调节第 3 根支撑......
  支撑 2 : 	92.31   	=>   	117.46
  支撑 3 : 	354.38   	=>   	284.84
  支撑 4 : 	996.38   	=>   	1034.71
  ----------------------------------------------------
  调节第 2 根支撑......
  支撑 2 : 	117.46   	=>   	20.00
  支撑 3 : 	284.84   	=>   	319.74
  支撑 4 : 	1034.71   	=>   	1056.20
  ----------------------------------------------------
>> 2026/4/27 22:04:47  围护结构最大位移5.41mm，小于限值12.08mm。


>> 2026/4/27 22:04:47  施工阶段 11 开始计算……
>> 2026/4/27 22:11:30  施工阶段 11 轴力主动调节完成！
  |支撑编号	|初始轴力	|理想轴力	|轴力上限
  |       	| (kN/m)	| (kN/m)	| (kN/m)
  ----------------------------------------------------
  2		20.00      	41.72      	833.33
  3		319.74      	31.97      	833.33
  4		1056.20      	1499.73      	1500.00

  |支撑轴力调节过程：
  ----------------------------------------------------
  调节第 4 根支撑......
  支撑 2 : 	20.00   	=>   	-32.30
  支撑 3 : 	319.74   	=>   	208.39
  支撑 4 : 	1056.20   	=>   	1425.91
  ----------------------------------------------------
  调节第 3 根支撑......
  支撑 2 : 	-32.30   	=>   	28.29
  支撑 3 : 	208.39   	=>   	36.76
  支撑 4 : 	1425.91   	=>   	1502.57
  ----------------------------------------------------
  调节第 2 根支撑......
  支撑 2 : 	28.29   	=>   	41.72
  支撑 3 : 	36.76   	=>   	31.97
  支撑 4 : 	1502.57   	=>   	1499.73
  ----------------------------------------------------
>> 2026/4/27 22:11:32  围护结构最大位移5.24mm，小于限值12.08mm。


>> 2026/4/27 22:11:32  施工阶段 12 开始计算……
>> 2026/4/27 22:18:14  施工阶段 12 轴力主动调节完成！
  |支撑编号	|初始轴力	|理想轴力	|轴力上限
  |       	| (kN/m)	| (kN/m)	| (kN/m)
  ----------------------------------------------------
  2		14.52      	20.00      	833.33
  3		-1.73      	20.00      	833.33
  4		1512.87      	357.18      	1500.00

  |支撑轴力调节过程：
  ----------------------------------------------------
  调节第 4 根支撑......
  支撑 2 : 	14.52   	=>   	227.17
  支撑 3 : 	-1.73   	=>   	452.40
  支撑 4 : 	1512.87   	=>   	10.39
  ----------------------------------------------------
  调节第 3 根支撑......
  支撑 2 : 	227.17   	=>   	432.86
  支撑 3 : 	452.40   	=>   	-127.65
  支撑 4 : 	10.39   	=>   	269.94
  ----------------------------------------------------
  调节第 2 根支撑......
  支撑 2 : 	432.86   	=>   	20.00
  支撑 3 : 	-127.65   	=>   	20.00
  支撑 4 : 	269.94   	=>   	357.18
  ----------------------------------------------------
>> 2026/4/27 22:18:15  围护结构最大位移9.67mm，小于限值15.44mm。


>> 2026/4/27 22:18:15  施工阶段 13 开始计算……
>> 2026/4/27 22:29:17  施工阶段 13 轴力主动调节完成！
  |支撑编号	|初始轴力	|理想轴力	|轴力上限
  |       	| (kN/m)	| (kN/m)	| (kN/m)
  ----------------------------------------------------
  2		20.00      	399.36      	833.33
  3		20.00      	283.84      	833.33
  4		357.18      	663.57      	1500.00
  6		0.00      	1415.69      	1500.00

  |支撑轴力调节过程：
  ----------------------------------------------------
  调节第 6 根支撑......
  支撑 2 : 	20.00   	=>   	58.94
  支撑 3 : 	20.00   	=>   	64.76
  支撑 4 : 	357.18   	=>   	318.95
  支撑 6 : 	0.00   	=>   	1375.27
  ----------------------------------------------------
  调节第 4 根支撑......
  支撑 2 : 	58.94   	=>   	-57.35
  支撑 3 : 	64.76   	=>   	-182.97
  支撑 4 : 	318.95   	=>   	1136.82
  支撑 6 : 	1375.27   	=>   	1353.35
  ----------------------------------------------------
  调节第 3 根支撑......
  支撑 2 : 	-57.35   	=>   	-311.23
  支撑 3 : 	-182.97   	=>   	536.72
  支撑 4 : 	1136.82   	=>   	814.35
  支撑 6 : 	1353.35   	=>   	1386.75
  ----------------------------------------------------
  调节第 2 根支撑......
  支撑 2 : 	-311.23   	=>   	399.36
  支撑 3 : 	536.72   	=>   	283.84
  支撑 4 : 	814.35   	=>   	663.57
  支撑 6 : 	1386.75   	=>   	1415.69
  ----------------------------------------------------
>> 2026/4/27 22:29:19  围护结构最大位移4.03mm，小于限值15.44mm。


>> 2026/4/27 22:29:19  施工阶段 14 开始计算……
>> 2026/4/27 22:40:28  施工阶段 14 轴力主动调节完成！
  |支撑编号	|初始轴力	|理想轴力	|轴力上限
  |       	| (kN/m)	| (kN/m)	| (kN/m)
  ----------------------------------------------------
  2		390.10      	44.53      	833.33
  3		267.21      	81.25      	833.33
  4		639.36      	567.12      	1500.00
  6		1665.53      	1500.00      	1500.00

  |支撑轴力调节过程：
  ----------------------------------------------------
  调节第 6 根支撑......
  支撑 2 : 	390.10   	=>   	385.79
  支撑 3 : 	267.21   	=>   	261.92
  支撑 4 : 	639.36   	=>   	641.75
  支撑 6 : 	1665.53   	=>   	1550.21
  ----------------------------------------------------
  调节第 4 根支撑......
  支撑 2 : 	385.79   	=>   	447.74
  支撑 3 : 	261.92   	=>   	393.84
  支撑 4 : 	641.75   	=>   	207.52
  支撑 6 : 	1550.21   	=>   	1557.82
  ----------------------------------------------------
  调节第 3 根支撑......
  支撑 2 : 	447.74   	=>   	632.23
  支撑 3 : 	393.84   	=>   	-128.19
  支撑 4 : 	207.52   	=>   	442.08
  支撑 6 : 	1557.82   	=>   	1527.79
  ----------------------------------------------------
  调节第 2 根支撑......
  支撑 2 : 	632.23   	=>   	44.53
  支撑 3 : 	-128.19   	=>   	81.25
  支撑 4 : 	442.08   	=>   	567.12
  支撑 6 : 	1527.79   	=>   	1500.00
  ----------------------------------------------------
>> 2026/4/27 22:40:30  围护结构最大位移6.93mm，小于限值18.24mm。


>> 2026/4/27 22:40:30  施工阶段 15 开始计算……
>> 2026/4/27 22:58:19  施工阶段 15 轴力主动调节完成！
  |支撑编号	|初始轴力	|理想轴力	|轴力上限
  |       	| (kN/m)	| (kN/m)	| (kN/m)
  ----------------------------------------------------
  2		44.53      	200.47      	833.33
  3		81.25      	513.25      	833.33
  4		567.12      	588.14      	1500.00
  6		1500.00      	962.16      	1500.00
  7		0.00      	1284.05      	1500.00

  |支撑轴力调节过程：
  ----------------------------------------------------
  调节第 7 根支撑......
  支撑 2 : 	44.53   	=>   	64.27
  支撑 3 : 	81.25   	=>   	114.83
  支撑 4 : 	567.12   	=>   	608.34
  支撑 6 : 	1500.00   	=>   	974.15
  支撑 7 : 	0.00   	=>   	1218.71
  ----------------------------------------------------
  调节第 6 根支撑......
  支撑 2 : 	64.27   	=>   	63.24
  支撑 3 : 	114.83   	=>   	113.70
  支撑 4 : 	608.34   	=>   	609.66
  支撑 6 : 	974.15   	=>   	931.42
  支撑 7 : 	1218.71   	=>   	1236.15
  ----------------------------------------------------
  调节第 4 根支撑......
  支撑 2 : 	63.24   	=>   	11.77
  支撑 3 : 	113.70   	=>   	4.01
  支撑 4 : 	609.66   	=>   	972.17
  支撑 6 : 	931.42   	=>   	919.93
  支撑 7 : 	1236.15   	=>   	1248.06
  ----------------------------------------------------
  调节第 3 根支撑......
  支撑 2 : 	11.77   	=>   	-220.43
  支撑 3 : 	4.01   	=>   	662.93
  支撑 4 : 	972.17   	=>   	677.32
  支撑 6 : 	919.93   	=>   	946.53
  支撑 7 : 	1248.06   	=>   	1274.16
  ----------------------------------------------------
  调节第 2 根支撑......
  支撑 2 : 	-220.43   	=>   	200.47
  支撑 3 : 	662.93   	=>   	513.25
  支撑 4 : 	677.32   	=>   	588.14
  支撑 6 : 	946.53   	=>   	962.16
  支撑 7 : 	1274.16   	=>   	1284.05
  ----------------------------------------------------
>> 2026/4/27 22:58:22  围护结构最大位移3.94mm，小于限值18.24mm。


>> 2026/4/27 22:58:22  施工阶段 16 开始计算……
>> 2026/4/27 23:18:01  施工阶段 16 轴力主动调节完成！
  |支撑编号	|初始轴力	|理想轴力	|轴力上限
  |       	| (kN/m)	| (kN/m)	| (kN/m)
  ----------------------------------------------------
  2		198.57      	343.38      	833.33
  3		508.16      	302.91      	833.33
  4		573.83      	164.60      	1500.00
  6		1019.51      	1349.14      	1500.00
  7		1491.36      	1147.35      	1500.00

  |支撑轴力调节过程：
  ----------------------------------------------------
  调节第 7 根支撑......
  支撑 2 : 	198.57   	=>   	194.60
  支撑 3 : 	508.16   	=>   	501.20
  支撑 4 : 	573.83   	=>   	564.32
  支撑 6 : 	1019.51   	=>   	1125.87
  支撑 7 : 	1491.36   	=>   	1296.28
  ----------------------------------------------------
  调节第 6 根支撑......
  支撑 2 : 	194.60   	=>   	200.29
  支撑 3 : 	501.20   	=>   	507.58
  支撑 4 : 	564.32   	=>   	557.82
  支撑 6 : 	1125.87   	=>   	1352.74
  支撑 7 : 	1296.28   	=>   	1193.05
  ----------------------------------------------------
  调节第 4 根支撑......
  支撑 2 : 	200.29   	=>   	285.51
  支撑 3 : 	507.58   	=>   	689.19
  支撑 4 : 	557.82   	=>   	-41.64
  支撑 6 : 	1352.74   	=>   	1370.13
  支撑 7 : 	1193.05   	=>   	1168.31
  ----------------------------------------------------
  调节第 3 根支撑......
  支撑 2 : 	285.51   	=>   	432.89
  支撑 3 : 	689.19   	=>   	271.07
  支撑 4 : 	-41.64   	=>   	145.62
  支撑 6 : 	1370.13   	=>   	1352.53
  支撑 7 : 	1168.31   	=>   	1149.65
  ----------------------------------------------------
  调节第 2 根支撑......
  支撑 2 : 	432.89   	=>   	343.38
  支撑 3 : 	271.07   	=>   	302.91
  支撑 4 : 	145.62   	=>   	164.60
  支撑 6 : 	1352.53   	=>   	1349.14
  支撑 7 : 	1149.65   	=>   	1147.35
  ----------------------------------------------------
>> 2026/4/27 23:18:04  围护结构最大位移6.38mm，小于限值20.88mm。



