基坑支护计算程序日志
导出时间：2026/4/28 10:46:39


>> 2026/4/28 9:04:36  土层数据读取成功！
>> 2026/4/28 9:04:36  支撑数据读取成功！
>> 2026/4/28 9:04:36  工况数据读取成功！
>> 2026/4/28 9:04:36  局部荷载数据读取成功！共 2 个
>> 2026/4/28 9:04:36  其他数据读取成功！
>> 2026/4/28 9:04:44  土层数据读取成功！
>> 2026/4/28 9:04:56  支撑数据读取成功！
>> 2026/4/28 9:05:04  工况数据读取成功！
>> 2026/4/28 9:05:12  局部荷载数据已清空！
>> 2026/4/28 9:05:22  其他数据读取成功！
>> 2026/4/28 9:05:23  其他数据录入成功！
>> 2026/4/28 9:05:25  计算程序初始化……
>> 2026/4/28 9:05:25  计算程序初始化完成！
>> 2026/4/28 9:05:27  施工阶段 1 开始计算……
>> 2026/4/28 9:05:28  施工阶段 1 计算完成！
>> 2026/4/28 9:05:28  施工阶段 2 开始计算……
>> 2026/4/28 9:05:28  施工阶段 2 计算完成！
>> 2026/4/28 9:05:28  施工阶段 3 开始计算……
>> 2026/4/28 9:05:28  施工阶段 3 计算完成！
>> 2026/4/28 9:05:28  施工阶段 4 开始计算……
>> 2026/4/28 9:05:29  施工阶段 4 计算完成！
>> 2026/4/28 9:05:29  施工阶段 5 开始计算……
>> 2026/4/28 9:05:29  施工阶段 5 计算完成！
>> 2026/4/28 9:05:29  施工阶段 6 开始计算……
>> 2026/4/28 9:05:29  施工阶段 6 计算完成！
>> 2026/4/28 9:05:29  施工阶段 7 开始计算……
>> 2026/4/28 9:05:30  施工阶段 7 计算完成！
>> 2026/4/28 9:05:30  施工阶段 8 开始计算……
>> 2026/4/28 9:05:30  施工阶段 8 计算完成！
>> 2026/4/28 9:05:30  施工阶段 9 开始计算……
>> 2026/4/28 9:05:31  施工阶段 9 计算完成！
>> 2026/4/28 9:05:31  施工阶段 10 开始计算……
>> 2026/4/28 9:05:31  施工阶段 10 计算完成！
>> 2026/4/28 9:05:31  施工阶段 11 开始计算……
>> 2026/4/28 9:05:31  施工阶段 11 计算完成！
>> 2026/4/28 9:05:31  施工阶段 12 开始计算……
>> 2026/4/28 9:05:32  施工阶段 12 计算完成！
>> 2026/4/28 9:05:32  施工阶段 13 开始计算……
>> 2026/4/28 9:05:32  施工阶段 13 计算完成！
>> 2026/4/28 9:05:32  施工阶段 14 开始计算……
>> 2026/4/28 9:05:33  施工阶段 14 计算完成！
>> 2026/4/28 9:05:33  施工阶段 15 开始计算……
>> 2026/4/28 9:05:33  施工阶段 15 计算完成！
>> 2026/4/28 9:05:33  施工阶段 16 开始计算……
>> 2026/4/28 9:05:33  施工阶段 16 计算完成！
>> 2026/4/28 9:05:40  计算程序初始化……
>> 2026/4/28 9:05:40  计算程序初始化完成！
>> 2026/4/28 9:05:45  施工阶段 1 开始计算……
>> 2026/4/28 9:05:46  施工阶段 1 计算完成，无需进行轴力主动调节！
>> 2026/4/28 9:05:46  施工阶段 2 开始计算……
>> 2026/4/28 9:05:47  施工阶段 2 计算完成，无需进行轴力主动调节！
>> 2026/4/28 9:05:47  施工阶段 3 开始计算……
>> 2026/4/28 9:05:48  施工阶段 3 计算完成，无需进行轴力主动调节！
>> 2026/4/28 9:05:48  施工阶段 4 开始计算……
>> 2026/4/28 9:05:49  施工阶段 4 计算完成，无需进行轴力主动调节！
>> 2026/4/28 9:05:49  施工阶段 5 开始计算……
>> 2026/4/28 9:06:38  施工阶段 5 轴力主动调节完成！
  |支撑编号	|初始轴力	|理想轴力	|轴力上限
  |       	| (kN/m)	| (kN/m)	| (kN/m)
  ----------------------------------------------------
  2		0.00      	522.95      	833.33

  |支撑轴力调节过程：
  ----------------------------------------------------
  调节第 2 根支撑......
  支撑 2 : 	0.00   	=>   	522.95
  ----------------------------------------------------
>> 2026/4/28 9:06:38  围护结构最大位移1.40mm，小于限值3.60mm。


>> 2026/4/28 9:06:39  施工阶段 6 开始计算……
>> 2026/4/28 9:07:28  施工阶段 6 轴力主动调节完成！
  |支撑编号	|初始轴力	|理想轴力	|轴力上限
  |       	| (kN/m)	| (kN/m)	| (kN/m)
  ----------------------------------------------------
  2		661.62      	789.66      	833.33

  |支撑轴力调节过程：
  ----------------------------------------------------
  调节第 2 根支撑......
  支撑 2 : 	661.62   	=>   	789.66
  ----------------------------------------------------
>> 2026/4/28 9:07:28  围护结构最大位移3.43mm，小于限值6.24mm。


>> 2026/4/28 9:07:29  施工阶段 7 开始计算……
>> 2026/4/28 9:10:17  施工阶段 7 轴力主动调节完成！
  |支撑编号	|初始轴力	|理想轴力	|轴力上限
  |       	| (kN/m)	| (kN/m)	| (kN/m)
  ----------------------------------------------------
  2		789.66      	157.93      	833.33
  3		0.00      	638.55      	833.33

  |支撑轴力调节过程：
  ----------------------------------------------------
  调节第 3 根支撑......
  支撑 2 : 	789.66   	=>   	560.88
  支撑 3 : 	0.00   	=>   	464.46
  ----------------------------------------------------
  调节第 2 根支撑......
  支撑 2 : 	560.88   	=>   	157.93
  支撑 3 : 	464.46   	=>   	638.55
  ----------------------------------------------------
>> 2026/4/28 9:10:18  围护结构最大位移1.93mm，小于限值6.24mm。


>> 2026/4/28 9:10:18  施工阶段 8 开始计算……
>> 2026/4/28 9:13:02  施工阶段 8 轴力主动调节完成！
  |支撑编号	|初始轴力	|理想轴力	|轴力上限
  |       	| (kN/m)	| (kN/m)	| (kN/m)
  ----------------------------------------------------
  2		210.28      	180.86      	833.33
  3		781.21      	829.56      	833.33

  |支撑轴力调节过程：
  ----------------------------------------------------
  调节第 3 根支撑......
  支撑 2 : 	210.28   	=>   	182.67
  支撑 3 : 	781.21   	=>   	828.71
  ----------------------------------------------------
  调节第 2 根支撑......
  支撑 2 : 	182.67   	=>   	180.86
  支撑 3 : 	828.71   	=>   	829.56
  ----------------------------------------------------
>> 2026/4/28 9:13:04  围护结构最大位移4.56mm，小于限值9.20mm。


>> 2026/4/28 9:13:04  施工阶段 9 开始计算……
>> 2026/4/28 9:19:22  施工阶段 9 轴力主动调节完成！
  |支撑编号	|初始轴力	|理想轴力	|轴力上限
  |       	| (kN/m)	| (kN/m)	| (kN/m)
  ----------------------------------------------------
  2		180.86      	208.47      	833.33
  3		829.56      	165.91      	833.33
  4		0.00      	864.83      	1500.00

  |支撑轴力调节过程：
  ----------------------------------------------------
  调节第 4 根支撑......
  支撑 2 : 	180.86   	=>   	56.60
  支撑 3 : 	829.56   	=>   	539.55
  支撑 4 : 	0.00   	=>   	680.12
  ----------------------------------------------------
  调节第 3 根支撑......
  支撑 2 : 	56.60   	=>   	188.03
  支撑 3 : 	539.55   	=>   	173.21
  支撑 4 : 	680.12   	=>   	869.33
  ----------------------------------------------------
  调节第 2 根支撑......
  支撑 2 : 	188.03   	=>   	208.47
  支撑 3 : 	173.21   	=>   	165.91
  支撑 4 : 	869.33   	=>   	864.83
  ----------------------------------------------------
>> 2026/4/28 9:19:24  围护结构最大位移2.50mm，小于限值9.20mm。


>> 2026/4/28 9:19:24  施工阶段 10 开始计算……
>> 2026/4/28 9:25:41  施工阶段 10 轴力主动调节完成！
  |支撑编号	|初始轴力	|理想轴力	|轴力上限
  |       	| (kN/m)	| (kN/m)	| (kN/m)
  ----------------------------------------------------
  2		203.04      	216.85      	833.33
  3		194.16      	50.00      	833.33
  4		1062.03      	1207.44      	1500.00

  |支撑轴力调节过程：
  ----------------------------------------------------
  调节第 4 根支撑......
  支撑 2 : 	203.04   	=>   	183.37
  支撑 3 : 	194.16   	=>   	145.49
  支撑 4 : 	1062.03   	=>   	1154.31
  ----------------------------------------------------
  调节第 3 根支撑......
  支撑 2 : 	183.37   	=>   	218.07
  支撑 3 : 	145.49   	=>   	49.56
  支撑 4 : 	1154.31   	=>   	1207.17
  ----------------------------------------------------
  调节第 2 根支撑......
  支撑 2 : 	218.07   	=>   	216.85
  支撑 3 : 	49.56   	=>   	50.00
  支撑 4 : 	1207.17   	=>   	1207.44
  ----------------------------------------------------
>> 2026/4/28 9:25:43  围护结构最大位移5.13mm，小于限值12.08mm。


>> 2026/4/28 9:25:43  施工阶段 11 开始计算……
>> 2026/4/28 9:32:04  施工阶段 11 轴力主动调节完成！
  |支撑编号	|初始轴力	|理想轴力	|轴力上限
  |       	| (kN/m)	| (kN/m)	| (kN/m)
  ----------------------------------------------------
  2		216.85      	50.00      	833.33
  3		50.00      	50.00      	833.33
  4		1207.44      	1428.57      	1500.00

  |支撑轴力调节过程：
  ----------------------------------------------------
  调节第 4 根支撑......
  支撑 2 : 	216.85   	=>   	188.87
  支撑 3 : 	50.00   	=>   	-9.55
  支撑 4 : 	1207.44   	=>   	1405.19
  ----------------------------------------------------
  调节第 3 根支撑......
  支撑 2 : 	188.87   	=>   	184.80
  支撑 3 : 	-9.55   	=>   	1.99
  支撑 4 : 	1405.19   	=>   	1400.03
  ----------------------------------------------------
  调节第 2 根支撑......
  支撑 2 : 	184.80   	=>   	50.00
  支撑 3 : 	1.99   	=>   	50.00
  支撑 4 : 	1400.03   	=>   	1428.57
  ----------------------------------------------------
>> 2026/4/28 9:32:05  围护结构最大位移5.04mm，小于限值12.08mm。


>> 2026/4/28 9:32:05  施工阶段 12 开始计算……
>> 2026/4/28 9:38:49  施工阶段 12 轴力主动调节完成！
  |支撑编号	|初始轴力	|理想轴力	|轴力上限
  |       	| (kN/m)	| (kN/m)	| (kN/m)
  ----------------------------------------------------
  2		23.34      	50.00      	833.33
  3		16.86      	50.00      	833.33
  4		1440.92      	288.18      	1500.00

  |支撑轴力调节过程：
  ----------------------------------------------------
  调节第 4 根支撑......
  支撑 2 : 	23.34   	=>   	232.49
  支撑 3 : 	16.86   	=>   	463.51
  支撑 4 : 	1440.92   	=>   	-36.81
  ----------------------------------------------------
  调节第 3 根支撑......
  支撑 2 : 	232.49   	=>   	426.92
  支撑 3 : 	463.51   	=>   	-84.79
  支撑 4 : 	-36.81   	=>   	208.54
  ----------------------------------------------------
  调节第 2 根支撑......
  支撑 2 : 	426.92   	=>   	50.00
  支撑 3 : 	-84.79   	=>   	50.00
  支撑 4 : 	208.54   	=>   	288.18
  ----------------------------------------------------
>> 2026/4/28 9:38:50  围护结构最大位移9.42mm，小于限值15.44mm。


>> 2026/4/28 9:38:50  施工阶段 13 开始计算……
>> 2026/4/28 9:49:41  施工阶段 13 轴力主动调节完成！
  |支撑编号	|初始轴力	|理想轴力	|轴力上限
  |       	| (kN/m)	| (kN/m)	| (kN/m)
  ----------------------------------------------------
  2		50.00      	65.43      	833.33
  3		50.00      	278.26      	833.33
  4		288.18      	1068.79      	1500.00
  6		0.00      	1363.50      	1500.00

  |支撑轴力调节过程：
  ----------------------------------------------------
  调节第 6 根支撑......
  支撑 2 : 	50.00   	=>   	88.16
  支撑 3 : 	50.00   	=>   	93.87
  支撑 4 : 	288.18   	=>   	250.72
  支撑 6 : 	0.00   	=>   	1347.85
  ----------------------------------------------------
  调节第 4 根支撑......
  支撑 2 : 	88.16   	=>   	-84.07
  支撑 3 : 	93.87   	=>   	-273.03
  支撑 4 : 	250.72   	=>   	1461.99
  支撑 6 : 	1347.85   	=>   	1315.40
  ----------------------------------------------------
  调节第 3 根支撑......
  支撑 2 : 	-84.07   	=>   	-327.92
  支撑 3 : 	-273.03   	=>   	418.24
  支撑 4 : 	1461.99   	=>   	1152.26
  支撑 6 : 	1315.40   	=>   	1347.48
  ----------------------------------------------------
  调节第 2 根支撑......
  支撑 2 : 	-327.92   	=>   	65.43
  支撑 3 : 	418.24   	=>   	278.26
  支撑 4 : 	1152.26   	=>   	1068.79
  支撑 6 : 	1347.48   	=>   	1363.50
  ----------------------------------------------------
>> 2026/4/28 9:49:43  围护结构最大位移3.86mm，小于限值15.44mm。


>> 2026/4/28 9:49:43  施工阶段 14 开始计算……
>> 2026/4/28 10:00:57  施工阶段 14 轴力主动调节完成！
  |支撑编号	|初始轴力	|理想轴力	|轴力上限
  |       	| (kN/m)	| (kN/m)	| (kN/m)
  ----------------------------------------------------
  2		56.15      	50.00      	833.33
  3		261.58      	52.32      	833.33
  4		1044.43      	570.32      	1500.00
  6		1613.88      	1500.00      	1500.00

  |支撑轴力调节过程：
  ----------------------------------------------------
  调节第 6 根支撑......
  支撑 2 : 	56.15   	=>   	53.13
  支撑 3 : 	261.58   	=>   	257.87
  支撑 4 : 	1044.43   	=>   	1046.10
  支撑 6 : 	1613.88   	=>   	1533.05
  ----------------------------------------------------
  调节第 4 根支撑......
  支撑 2 : 	53.13   	=>   	166.32
  支撑 3 : 	257.87   	=>   	498.91
  支撑 4 : 	1046.10   	=>   	252.69
  支撑 6 : 	1533.05   	=>   	1546.95
  ----------------------------------------------------
  调节第 3 根支撑......
  支撑 2 : 	166.32   	=>   	363.67
  支撑 3 : 	498.91   	=>   	-59.47
  支撑 4 : 	252.69   	=>   	503.58
  支撑 6 : 	1546.95   	=>   	1514.83
  ----------------------------------------------------
  调节第 2 根支撑......
  支撑 2 : 	363.67   	=>   	50.00
  支撑 3 : 	-59.47   	=>   	52.32
  支撑 4 : 	503.58   	=>   	570.32
  支撑 6 : 	1514.83   	=>   	1500.00
  ----------------------------------------------------
>> 2026/4/28 10:00:59  围护结构最大位移6.71mm，小于限值18.24mm。


>> 2026/4/28 10:00:59  施工阶段 15 开始计算……
>> 2026/4/28 10:17:57  施工阶段 15 轴力主动调节完成！
  |支撑编号	|初始轴力	|理想轴力	|轴力上限
  |       	| (kN/m)	| (kN/m)	| (kN/m)
  ----------------------------------------------------
  2		50.00      	71.17      	833.33
  3		52.32      	427.93      	833.33
  4		570.32      	793.43      	1500.00
  6		1500.00      	1488.79      	1500.00
  7		0.00      	1018.98      	1500.00

  |支撑轴力调节过程：
  ----------------------------------------------------
  调节第 7 根支撑......
  支撑 2 : 	50.00   	=>   	68.89
  支撑 3 : 	52.32   	=>   	84.45
  支撑 4 : 	570.32   	=>   	609.77
  支撑 6 : 	1500.00   	=>   	996.74
  支撑 7 : 	0.00   	=>   	1166.36
  ----------------------------------------------------
  调节第 6 根支撑......
  支撑 2 : 	68.89   	=>   	80.39
  支撑 3 : 	84.45   	=>   	97.07
  支撑 4 : 	609.77   	=>   	595.13
  支撑 6 : 	996.74   	=>   	1471.61
  支撑 7 : 	1166.36   	=>   	972.60
  ----------------------------------------------------
  调节第 4 根支撑......
  支撑 2 : 	80.39   	=>   	7.09
  支撑 3 : 	97.07   	=>   	-59.13
  支撑 4 : 	595.13   	=>   	1111.37
  支撑 6 : 	1471.61   	=>   	1455.26
  支撑 7 : 	972.60   	=>   	989.57
  ----------------------------------------------------
  调节第 3 根支撑......
  支撑 2 : 	7.09   	=>   	-198.32
  支撑 3 : 	-59.13   	=>   	523.76
  支撑 4 : 	1111.37   	=>   	850.53
  支撑 6 : 	1455.26   	=>   	1478.79
  支撑 7 : 	989.57   	=>   	1012.65
  ----------------------------------------------------
  调节第 2 根支撑......
  支撑 2 : 	-198.32   	=>   	71.17
  支撑 3 : 	523.76   	=>   	427.93
  支撑 4 : 	850.53   	=>   	793.43
  支撑 6 : 	1478.79   	=>   	1488.79
  支撑 7 : 	1012.65   	=>   	1018.98
  ----------------------------------------------------
>> 2026/4/28 10:18:00  围护结构最大位移2.56mm，小于限值18.24mm。


>> 2026/4/28 10:18:00  施工阶段 16 开始计算……
>> 2026/4/28 10:34:46  施工阶段 16 轴力主动调节完成！
  |支撑编号	|初始轴力	|理想轴力	|轴力上限
  |       	| (kN/m)	| (kN/m)	| (kN/m)
  ----------------------------------------------------
  2		69.50      	116.99      	833.33
  3		423.35      	761.09      	833.33
  4		780.24      	156.05      	1500.00
  6		1539.64      	1500.00      	1500.00
  7		1208.78      	1200.42      	1500.00

  |支撑轴力调节过程：
  ----------------------------------------------------
  调节第 7 根支撑......
  支撑 2 : 	69.50   	=>   	68.79
  支撑 3 : 	423.35   	=>   	422.11
  支撑 4 : 	780.24   	=>   	778.55
  支撑 6 : 	1539.64   	=>   	1558.61
  支撑 7 : 	1208.78   	=>   	1173.98
  ----------------------------------------------------
  调节第 6 根支撑......
  支撑 2 : 	68.79   	=>   	66.69
  支撑 3 : 	422.11   	=>   	419.75
  支撑 4 : 	778.55   	=>   	780.95
  支撑 6 : 	1558.61   	=>   	1474.67
  支撑 7 : 	1173.98   	=>   	1212.17
  ----------------------------------------------------
  调节第 4 根支撑......
  支撑 2 : 	66.69   	=>   	141.56
  支撑 3 : 	419.75   	=>   	579.32
  支撑 4 : 	780.95   	=>   	254.23
  支撑 6 : 	1474.67   	=>   	1489.96
  支撑 7 : 	1212.17   	=>   	1190.44
  ----------------------------------------------------
  调节第 3 根支撑......
  支撑 2 : 	141.56   	=>   	71.82
  支撑 3 : 	579.32   	=>   	777.15
  支撑 4 : 	254.23   	=>   	165.63
  支撑 6 : 	1489.96   	=>   	1498.29
  支撑 7 : 	1190.44   	=>   	1199.27
  ----------------------------------------------------
  调节第 2 根支撑......
  支撑 2 : 	71.82   	=>   	116.99
  支撑 3 : 	777.15   	=>   	761.09
  支撑 4 : 	165.63   	=>   	156.05
  支撑 6 : 	1498.29   	=>   	1500.00
  支撑 7 : 	1199.27   	=>   	1200.42
  ----------------------------------------------------
>> 2026/4/28 10:34:49  围护结构最大位移5.15mm，小于限值20.88mm。



